[2026-08-05 17:50:53] BŁĄD wysyłki do kontakt@tatrybiketours.example.com (Nowa wiadomość w grupie „Weekend szosowy w Beskidach" — ridemore.bike): SMTP: oczekiwano /^250/, otrzymano: 550-The mail server could not deliver mail to
550-kontakt@tatrybiketours.example.com.  The account or domain may not exist,
550 they may be blacklisted, or missing the proper dns entries.

[2026-08-09 10:45:04] BŁĄD wysyłki do marek.kowalski@example.com (Nowy zapis: Gravel adventure): SMTP: oczekiwano /^250/, otrzymano: 550-The mail server could not deliver mail to marek.kowalski@example.com.  The
550-account or domain may not exist, they may be blacklisted, or missing the
550 proper dns entries.

[2026-08-09 10:51:15] BŁĄD wysyłki do marek.kowalski@example.com (Nowy zapis: Gravel adventure): SMTP: oczekiwano /^250/, otrzymano: 550-The mail server could not deliver mail to marek.kowalski@example.com.  The
550-account or domain may not exist, they may be blacklisted, or missing the
550 proper dns entries.

[2026-08-09 10:56:13] BŁĄD wysyłki do marek.kowalski@example.com (Nowy zapis: Gravel adventure): SMTP: oczekiwano /^250/, otrzymano: 550-The mail server could not deliver mail to marek.kowalski@example.com.  The
550-account or domain may not exist, they may be blacklisted, or missing the
550 proper dns entries.

[2026-08-12 15:08:47] BŁĄD wysyłki do marek.kowalski@example.com (Nowa relacja: „Niedzielna ustawka gravel”): SMTP: oczekiwano /^250/, otrzymano: 550-The mail server could not deliver mail to marek.kowalski@example.com.  The
550-account or domain may not exist, they may be blacklisted, or missing the
550 proper dns entries.

[2026-08-12 17:37:15] BŁĄD wysyłki do ktos@example.com (Test Rowerzysta oznaczył Cię na wyjeździe „Weekend szosowy w Beskidach”): SMTP: oczekiwano /^250/, otrzymano: 550-The mail server could not deliver mail to ktos@example.com.  The account or
550-domain may not exist, they may be blacklisted, or missing the proper dns
550 entries.

[2026-08-12 17:38:08] BŁĄD wysyłki do probny1@local.invalid (Test Rowerzysta oznaczył Cię na wyjeździe „Weekend szosowy w Beskidach”): SMTP: oczekiwano /^250/, otrzymano: 550-The mail server could not deliver mail to probny1@local.invalid.  The
550-account or domain may not exist, they may be blacklisted, or missing the
550 proper dns entries.

[2026-08-12 17:38:09] BŁĄD wysyłki do probny2@local.invalid (Test Rowerzysta oznaczył Cię na wyjeździe „Weekend szosowy w Beskidach”): SMTP: oczekiwano /^250/, otrzymano: 550-The mail server could not deliver mail to probny2@local.invalid.  The
550-account or domain may not exist, they may be blacklisted, or missing the
550 proper dns entries.

[2026-08-12 17:38:09] BŁĄD wysyłki do probny3@local.invalid (Test Rowerzysta oznaczył Cię na wyjeździe „Weekend szosowy w Beskidach”): SMTP: oczekiwano /^250/, otrzymano: 550-The mail server could not deliver mail to probny3@local.invalid.  The
550-account or domain may not exist, they may be blacklisted, or missing the
550 proper dns entries.

[2026-08-12 17:38:11] BŁĄD wysyłki do probny4@local.invalid (Test Rowerzysta oznaczył Cię na wyjeździe „Weekend szosowy w Beskidach”): SMTP: oczekiwano /^250/, otrzymano: 550-The mail server could not deliver mail to probny4@local.invalid.  The
550-account or domain may not exist, they may be blacklisted, or missing the
550 proper dns entries.

[2026-08-12 17:38:14] BŁĄD wysyłki do probny5@local.invalid (Test Rowerzysta oznaczył Cię na wyjeździe „Weekend szosowy w Beskidach”): SMTP: oczekiwano /^250/, otrzymano: 550-The mail server could not deliver mail to probny5@local.invalid.  The
550-account or domain may not exist, they may be blacklisted, or missing the
550 proper dns entries.

[2026-08-12 17:55:40] BŁĄD wysyłki do ola.nowak@example.com (Nowy zapis: Beskidy, 1–30 lis): SMTP: oczekiwano /^250/, otrzymano: 550-The mail server could not deliver mail to ola.nowak@example.com.  The
550-account or domain may not exist, they may be blacklisted, or missing the
550 proper dns entries.

[2026-08-13 17:37:54] BŁĄD wysyłki do ola.nowak@example.com (Nowa wiadomość od Test Rowerzysta — ridemore.bike): SMTP: oczekiwano /^250/, otrzymano: 550-The mail server could not deliver mail to ola.nowak@example.com.  The
550-account or domain may not exist, they may be blacklisted, or missing the
550 proper dns entries.

[2026-08-14 18:15:44] BŁĄD wysyłki do kontakt@tatrybiketours.example.com (Nowa relacja: „Weekend szosowy w Beskidach”): SMTP: oczekiwano /^250/, otrzymano: 550-The mail server could not deliver mail to
550-kontakt@tatrybiketours.example.com.  The account or domain may not exist,
550 they may be blacklisted, or missing the proper dns entries.

[2026-08-28 10:36:22] BŁĄD wysyłki do marek.kowalski@example.com (Byłeś na „Wielka petla beiszczad"? Potwierdź i wystaw opinię): SMTP: oczekiwano /^250/, otrzymano: 550-The mail server could not deliver mail to marek.kowalski@example.com.  The
550-account or domain may not exist, they may be blacklisted, or missing the
550 proper dns entries.

[2026-08-28 10:36:23] BŁĄD wysyłki do ola.nowak@example.com (Byłeś na „Wielka petla beiszczad"? Potwierdź i wystaw opinię): SMTP: oczekiwano /^250/, otrzymano: 550-The mail server could not deliver mail to ola.nowak@example.com.  The
550-account or domain may not exist, they may be blacklisted, or missing the
550 proper dns entries.

[2026-09-10 10:35:20] BŁĄD wysyłki do ola.nowak@example.com (Byłeś na „Wycieczka rowerowa po Tatrach — 3 dni"? Potwierdź i wystaw opinię): SMTP: oczekiwano /^250/, otrzymano: 550-The mail server could not deliver mail to ola.nowak@example.com.  The
550-account or domain may not exist, they may be blacklisted, or missing the
550 proper dns entries.

[2026-09-11 13:17:41] BŁĄD wysyłki do marek.kowalski@example.com (Nowy skarb w Twojej okolicy — ridemore.bike): SMTP: oczekiwano /^250/, otrzymano: 550-The mail server could not deliver mail to marek.kowalski@example.com.  The
550-account or domain may not exist, they may be blacklisted, or missing the
550 proper dns entries.

[2026-09-11 13:17:42] BŁĄD wysyłki do marek.kowalski@example.com (Nowy skarb w Twojej okolicy — ridemore.bike): SMTP: oczekiwano /^250/, otrzymano: 550-The mail server could not deliver mail to marek.kowalski@example.com.  The
550-account or domain may not exist, they may be blacklisted, or missing the
550 proper dns entries.

[2026-09-11 13:18:43] BŁĄD wysyłki do marek.kowalski@example.com (Nowy skarb w Twojej okolicy — ridemore.bike): SMTP: oczekiwano /^250/, otrzymano: 550-The mail server could not deliver mail to marek.kowalski@example.com.  The
550-account or domain may not exist, they may be blacklisted, or missing the
550 proper dns entries.

[2026-09-11 13:18:44] BŁĄD wysyłki do marek.kowalski@example.com (Nowy skarb w Twojej okolicy — ridemore.bike): SMTP: oczekiwano /^250/, otrzymano: 550-The mail server could not deliver mail to marek.kowalski@example.com.  The
550-account or domain may not exist, they may be blacklisted, or missing the
550 proper dns entries.

[2026-09-11 13:22:39] BŁĄD wysyłki do marek.kowalski@example.com (Nowy skarb w Twojej okolicy — ridemore.bike): SMTP: oczekiwano /^250/, otrzymano: 550-The mail server could not deliver mail to marek.kowalski@example.com.  The
550-account or domain may not exist, they may be blacklisted, or missing the
550 proper dns entries.

[2026-09-11 13:22:39] BŁĄD wysyłki do marek.kowalski@example.com (Nowy skarb w Twojej okolicy — ridemore.bike): SMTP: oczekiwano /^250/, otrzymano: 550-The mail server could not deliver mail to marek.kowalski@example.com.  The
550-account or domain may not exist, they may be blacklisted, or missing the
550 proper dns entries.

[2026-09-11 13:23:59] BŁĄD wysyłki do marek.kowalski@example.com (Nowy skarb w Twojej okolicy — ridemore.bike): SMTP: oczekiwano /^250/, otrzymano: 550-The mail server could not deliver mail to marek.kowalski@example.com.  The
550-account or domain may not exist, they may be blacklisted, or missing the
550 proper dns entries.

[2026-09-11 13:24:00] BŁĄD wysyłki do marek.kowalski@example.com (Nowy skarb w Twojej okolicy — ridemore.bike): SMTP: oczekiwano /^250/, otrzymano: 550-The mail server could not deliver mail to marek.kowalski@example.com.  The
550-account or domain may not exist, they may be blacklisted, or missing the
550 proper dns entries.

[2026-09-11 13:24:54] BŁĄD wysyłki do marek.kowalski@example.com (Nowy skarb w Twojej okolicy — ridemore.bike): SMTP: oczekiwano /^250/, otrzymano: 550-The mail server could not deliver mail to marek.kowalski@example.com.  The
550-account or domain may not exist, they may be blacklisted, or missing the
550 proper dns entries.

[2026-09-11 13:24:55] BŁĄD wysyłki do marek.kowalski@example.com (Nowy skarb w Twojej okolicy — ridemore.bike): SMTP: oczekiwano /^250/, otrzymano: 550-The mail server could not deliver mail to marek.kowalski@example.com.  The
550-account or domain may not exist, they may be blacklisted, or missing the
550 proper dns entries.

[2026-09-11 13:29:48] BŁĄD wysyłki do marek.kowalski@example.com (Nowy skarb w Twojej okolicy — ridemore.bike): SMTP: oczekiwano /^250/, otrzymano: 550-The mail server could not deliver mail to marek.kowalski@example.com.  The
550-account or domain may not exist, they may be blacklisted, or missing the
550 proper dns entries.

[2026-09-11 13:29:49] BŁĄD wysyłki do marek.kowalski@example.com (Nowy skarb w Twojej okolicy — ridemore.bike): SMTP: oczekiwano /^250/, otrzymano: 550-The mail server could not deliver mail to marek.kowalski@example.com.  The
550-account or domain may not exist, they may be blacklisted, or missing the
550 proper dns entries.

[2026-09-11 13:29:50] BŁĄD wysyłki do marek.kowalski@example.com (Nowy skarb w Twojej okolicy — ridemore.bike): SMTP: oczekiwano /^250/, otrzymano: 550-The mail server could not deliver mail to marek.kowalski@example.com.  The
550-account or domain may not exist, they may be blacklisted, or missing the
550 proper dns entries.

[2026-09-11 13:29:51] BŁĄD wysyłki do marek.kowalski@example.com (Nowy skarb w Twojej okolicy — ridemore.bike): SMTP: oczekiwano /^250/, otrzymano: 550-The mail server could not deliver mail to marek.kowalski@example.com.  The
550-account or domain may not exist, they may be blacklisted, or missing the
550 proper dns entries.

