[2026-09-11 11:05:04] BŁĄD wysyłki push do user_id=1 (TEST tytuł): FCM: HTTP 400 — {
  "error": {
    "code": 400,
    "message": "The registration token is not a valid FCM registration token",
    "status": "INVALID_ARGUMENT",
    "details": [
      {
        "@type": "type.googleapis.com/google.firebase.fcm.v1.FcmError",
        "errorCode": "INVALID_ARGUMENT"
      },
      {
        "@type": "type.googleapis.com/google.rpc.BadRequest",
        "fieldViolations": [
          {
            "field": "message.token",
            "description": "The registration token is not a valid FCM registration token"
          }
        ]
      }
    ]
  }
}

[2026-09-11 11:05:04] BŁĄD wysyłki push do user_id=1 (Ktoś dołączył do Twojego wyjazdu): FCM: HTTP 400 — {
  "error": {
    "code": 400,
    "message": "The registration token is not a valid FCM registration token",
    "status": "INVALID_ARGUMENT",
    "details": [
      {
        "@type": "type.googleapis.com/google.firebase.fcm.v1.FcmError",
        "errorCode": "INVALID_ARGUMENT"
      },
      {
        "@type": "type.googleapis.com/google.rpc.BadRequest",
        "fieldViolations": [
          {
            "field": "message.token",
            "description": "The registration token is not a valid FCM registration token"
          }
        ]
      }
    ]
  }
}

[2026-09-11 11:05:05] BŁĄD wysyłki push do user_id=2 (Nowa wiadomość): FCM: HTTP 400 — {
  "error": {
    "code": 400,
    "message": "The registration token is not a valid FCM registration token",
    "status": "INVALID_ARGUMENT",
    "details": [
      {
        "@type": "type.googleapis.com/google.firebase.fcm.v1.FcmError",
        "errorCode": "INVALID_ARGUMENT"
      },
      {
        "@type": "type.googleapis.com/google.rpc.BadRequest",
        "fieldViolations": [
          {
            "field": "message.token",
            "description": "The registration token is not a valid FCM registration token"
          }
        ]
      }
    ]
  }
}

[2026-09-11 11:05:05] BŁĄD wysyłki push do user_id=1 (Ktoś dołączył do Twojego wyjazdu): FCM: HTTP 400 — {
  "error": {
    "code": 400,
    "message": "The registration token is not a valid FCM registration token",
    "status": "INVALID_ARGUMENT",
    "details": [
      {
        "@type": "type.googleapis.com/google.firebase.fcm.v1.FcmError",
        "errorCode": "INVALID_ARGUMENT"
      },
      {
        "@type": "type.googleapis.com/google.rpc.BadRequest",
        "fieldViolations": [
          {
            "field": "message.token",
            "description": "The registration token is not a valid FCM registration token"
          }
        ]
      }
    ]
  }
}

[2026-09-11 11:05:05] BŁĄD wysyłki push do user_id=1 (Nowa wiadomość — TEST grupa push): FCM: HTTP 400 — {
  "error": {
    "code": 400,
    "message": "The registration token is not a valid FCM registration token",
    "status": "INVALID_ARGUMENT",
    "details": [
      {
        "@type": "type.googleapis.com/google.firebase.fcm.v1.FcmError",
        "errorCode": "INVALID_ARGUMENT"
      },
      {
        "@type": "type.googleapis.com/google.rpc.BadRequest",
        "fieldViolations": [
          {
            "field": "message.token",
            "description": "The registration token is not a valid FCM registration token"
          }
        ]
      }
    ]
  }
}

[2026-09-11 11:05:06] BŁĄD wysyłki push do user_id=1 (Nowy skarb w Twojej okolicy): FCM: HTTP 400 — {
  "error": {
    "code": 400,
    "message": "The registration token is not a valid FCM registration token",
    "status": "INVALID_ARGUMENT",
    "details": [
      {
        "@type": "type.googleapis.com/google.firebase.fcm.v1.FcmError",
        "errorCode": "INVALID_ARGUMENT"
      },
      {
        "@type": "type.googleapis.com/google.rpc.BadRequest",
        "fieldViolations": [
          {
            "field": "message.token",
            "description": "The registration token is not a valid FCM registration token"
          }
        ]
      }
    ]
  }
}

[2026-09-11 11:05:06] BŁĄD wysyłki push do user_id=1 (Nowy skarb w Twojej okolicy): FCM: HTTP 400 — {
  "error": {
    "code": 400,
    "message": "The registration token is not a valid FCM registration token",
    "status": "INVALID_ARGUMENT",
    "details": [
      {
        "@type": "type.googleapis.com/google.firebase.fcm.v1.FcmError",
        "errorCode": "INVALID_ARGUMENT"
      },
      {
        "@type": "type.googleapis.com/google.rpc.BadRequest",
        "fieldViolations": [
          {
            "field": "message.token",
            "description": "The registration token is not a valid FCM registration token"
          }
        ]
      }
    ]
  }
}

